.next/dev/types/validator.ts(224,39): error TS2306: File 'C:/proyectos/oclock/app/api/departamentos/route.ts' is not a module.
.next/types/validator.ts(224,39): error TS2306: File 'C:/proyectos/oclock/app/api/departamentos/route.ts' is not a module.
app/api/auth/[...nextauth]/route.ts(64,17): error TS7031: Binding element 'token' implicitly has an 'any' type.
app/api/auth/[...nextauth]/route.ts(64,24): error TS7031: Binding element 'user' implicitly has an 'any' type.
app/api/auth/[...nextauth]/route.ts(73,21): error TS7031: Binding element 'session' implicitly has an 'any' type.
app/api/auth/[...nextauth]/route.ts(73,30): error TS7031: Binding element 'token' implicitly has an 'any' type.
app/api/empleados/[Oid]/route.ts(7,27): error TS7006: Parameter 'request' implicitly has an 'any' type.
app/api/empleados/[Oid]/route.ts(7,36): error TS7006: Parameter 'context' implicitly has an 'any' type.
app/api/empleados/[Oid]/route.ts(55,27): error TS7006: Parameter 'request' implicitly has an 'any' type.
app/api/empleados/[Oid]/route.ts(55,36): error TS7006: Parameter 'context' implicitly has an 'any' type.
app/api/usuarios/route.ts(108,59): error TS18046: 'error' is of type 'unknown'.
app/api/usuarios/route.ts(184,59): error TS18046: 'error' is of type 'unknown'.
app/api/usuarios/route.ts(305,59): error TS18046: 'error' is of type 'unknown'.
app/api/usuarios/route.ts(371,59): error TS18046: 'error' is of type 'unknown'.
app/dashboard/administracion/configuracion/page.tsx(219,12): error TS2322: Type '{ children: Element[]; key: string; className: string; }' is not assignable to type 'IntrinsicAttributes & RefAttributes<any>'.
  Property 'children' does not exist on type 'IntrinsicAttributes & RefAttributes<any>'.
app/dashboard/administracion/configuracion/page.tsx(220,14): error TS2322: Type '{ children: Element; className: string; }' is not assignable to type 'IntrinsicAttributes & RefAttributes<any>'.
  Property 'children' does not exist on type 'IntrinsicAttributes & RefAttributes<any>'.
app/dashboard/administracion/configuracion/page.tsx(221,16): error TS2322: Type '{ children: (string | Element)[]; className: string; }' is not assignable to type 'IntrinsicAttributes & RefAttributes<any>'.
  Property 'children' does not exist on type 'IntrinsicAttributes & RefAttributes<any>'.
app/dashboard/administracion/configuracion/page.tsx(230,14): error TS2322: Type '{ children: Element[]; className: string; }' is not assignable to type 'IntrinsicAttributes & RefAttributes<any>'.
  Property 'children' does not exist on type 'IntrinsicAttributes & RefAttributes<any>'.
app/dashboard/administracion/configuracion/page.tsx(245,8): error TS2322: Type '{ children: Element[]; className: string; }' is not assignable to type 'IntrinsicAttributes & RefAttributes<any>'.
  Property 'children' does not exist on type 'IntrinsicAttributes & RefAttributes<any>'.
app/dashboard/administracion/configuracion/page.tsx(246,10): error TS2322: Type '{ children: Element; className: string; }' is not assignable to type 'IntrinsicAttributes & RefAttributes<any>'.
  Property 'children' does not exist on type 'IntrinsicAttributes & RefAttributes<any>'.
app/dashboard/administracion/configuracion/page.tsx(247,12): error TS2322: Type '{ children: (string | Element)[]; className: string; }' is not assignable to type 'IntrinsicAttributes & RefAttributes<any>'.
  Property 'children' does not exist on type 'IntrinsicAttributes & RefAttributes<any>'.
app/dashboard/administracion/configuracion/page.tsx(252,10): error TS2322: Type '{ children: Element; className: string; }' is not assignable to type 'IntrinsicAttributes & RefAttributes<any>'.
  Property 'children' does not exist on type 'IntrinsicAttributes & RefAttributes<any>'.
app/dashboard/administracion/usuario/page.tsx(336,8): error TS2322: Type '{ children: Element[]; className: string; }' is not assignable to type 'IntrinsicAttributes & RefAttributes<any>'.
  Property 'children' does not exist on type 'IntrinsicAttributes & RefAttributes<any>'.
app/dashboard/administracion/usuario/page.tsx(337,10): error TS2322: Type '{ children: Element; className: string; }' is not assignable to type 'IntrinsicAttributes & RefAttributes<any>'.
  Property 'children' does not exist on type 'IntrinsicAttributes & RefAttributes<any>'.
app/dashboard/administracion/usuario/page.tsx(338,12): error TS2322: Type '{ children: (string | Element)[]; className: string; }' is not assignable to type 'IntrinsicAttributes & RefAttributes<any>'.
  Property 'children' does not exist on type 'IntrinsicAttributes & RefAttributes<any>'.
app/dashboard/administracion/usuario/page.tsx(344,10): error TS2322: Type '{ children: Element; className: string; }' is not assignable to type 'IntrinsicAttributes & RefAttributes<any>'.
  Property 'children' does not exist on type 'IntrinsicAttributes & RefAttributes<any>'.
app/dashboard/administracion/usuario/page.tsx(491,8): error TS2322: Type '{ children: Element[]; className: string; }' is not assignable to type 'IntrinsicAttributes & RefAttributes<any>'.
  Property 'children' does not exist on type 'IntrinsicAttributes & RefAttributes<any>'.
app/dashboard/administracion/usuario/page.tsx(492,10): error TS2322: Type '{ children: Element; className: string; }' is not assignable to type 'IntrinsicAttributes & RefAttributes<any>'.
  Property 'children' does not exist on type 'IntrinsicAttributes & RefAttributes<any>'.
app/dashboard/administracion/usuario/page.tsx(494,14): error TS2322: Type '{ children: (string | Element)[]; className: string; }' is not assignable to type 'IntrinsicAttributes & RefAttributes<any>'.
  Property 'children' does not exist on type 'IntrinsicAttributes & RefAttributes<any>'.
app/dashboard/administracion/usuario/page.tsx(522,10): error TS2322: Type '{ children: Element; className: string; }' is not assignable to type 'IntrinsicAttributes & RefAttributes<any>'.
  Property 'children' does not exist on type 'IntrinsicAttributes & RefAttributes<any>'.
app/dashboard/administracion/usuario/page.tsx(607,12): error TS2322: Type '{ children: Element[]; className: string; }' is not assignable to type 'IntrinsicAttributes & RefAttributes<any>'.
  Property 'children' does not exist on type 'IntrinsicAttributes & RefAttributes<any>'.
app/dashboard/administracion/usuario/page.tsx(608,14): error TS2322: Type '{ children: Element; className: string; }' is not assignable to type 'IntrinsicAttributes & RefAttributes<any>'.
  Property 'children' does not exist on type 'IntrinsicAttributes & RefAttributes<any>'.
app/dashboard/administracion/usuario/page.tsx(609,16): error TS2322: Type '{ children: (string | Element)[]; className: string; }' is not assignable to type 'IntrinsicAttributes & RefAttributes<any>'.
  Property 'children' does not exist on type 'IntrinsicAttributes & RefAttributes<any>'.
app/dashboard/administracion/usuario/page.tsx(615,14): error TS2322: Type '{ children: Element[]; className: string; }' is not assignable to type 'IntrinsicAttributes & RefAttributes<any>'.
  Property 'children' does not exist on type 'IntrinsicAttributes & RefAttributes<any>'.
app/dashboard/asistencia/marcaciones/page.tsx(32,3): error TS7031: Binding element 'currentPage' implicitly has an 'any' type.
app/dashboard/asistencia/marcaciones/page.tsx(33,3): error TS7031: Binding element 'totalPages' implicitly has an 'any' type.
app/dashboard/asistencia/marcaciones/page.tsx(34,3): error TS7031: Binding element 'totalItems' implicitly has an 'any' type.
app/dashboard/asistencia/marcaciones/page.tsx(35,3): error TS7031: Binding element 'itemsPerPage' implicitly has an 'any' type.
app/dashboard/asistencia/marcaciones/page.tsx(36,3): error TS7031: Binding element 'onPageChange' implicitly has an 'any' type.
app/dashboard/asistencia/marcaciones/page.tsx(37,3): error TS7031: Binding element 'onItemsPerPageChange' implicitly has an 'any' type.
app/dashboard/asistencia/marcaciones/page.tsx(512,13): error TS2322: Type '{ checked: boolean; onCheckedChange: (checked: any) => void; disabled: boolean; }' is not assignable to type 'IntrinsicAttributes & RefAttributes<any>'.
  Property 'checked' does not exist on type 'IntrinsicAttributes & RefAttributes<any>'.
app/dashboard/asistencia/marcaciones/page.tsx(513,31): error TS7006: Parameter 'checked' implicitly has an 'any' type.
app/dashboard/asistencia/marcaciones/page.tsx(538,13): error TS2322: Type '{ checked: boolean; onCheckedChange: (checked: any) => void; disabled: boolean; }' is not assignable to type 'IntrinsicAttributes & RefAttributes<any>'.
  Property 'checked' does not exist on type 'IntrinsicAttributes & RefAttributes<any>'.
app/dashboard/asistencia/marcaciones/page.tsx(539,31): error TS7006: Parameter 'checked' implicitly has an 'any' type.
app/dashboard/asistencia/marcaciones/page.tsx(564,13): error TS2322: Type '{ checked: boolean; onCheckedChange: (checked: any) => void; disabled: boolean; }' is not assignable to type 'IntrinsicAttributes & RefAttributes<any>'.
  Property 'checked' does not exist on type 'IntrinsicAttributes & RefAttributes<any>'.
app/dashboard/asistencia/marcaciones/page.tsx(565,31): error TS7006: Parameter 'checked' implicitly has an 'any' type.
app/dashboard/asistencia/marcaciones/page.tsx(590,13): error TS2322: Type '{ checked: boolean; onCheckedChange: (checked: any) => void; disabled: boolean; }' is not assignable to type 'IntrinsicAttributes & RefAttributes<any>'.
  Property 'checked' does not exist on type 'IntrinsicAttributes & RefAttributes<any>'.
app/dashboard/asistencia/marcaciones/page.tsx(591,31): error TS7006: Parameter 'checked' implicitly has an 'any' type.
app/dashboard/asistencia/registros/page.tsx(29,3): error TS7031: Binding element 'currentPage' implicitly has an 'any' type.
app/dashboard/asistencia/registros/page.tsx(30,3): error TS7031: Binding element 'totalPages' implicitly has an 'any' type.
app/dashboard/asistencia/registros/page.tsx(31,3): error TS7031: Binding element 'totalItems' implicitly has an 'any' type.
app/dashboard/asistencia/registros/page.tsx(32,3): error TS7031: Binding element 'itemsPerPage' implicitly has an 'any' type.
app/dashboard/asistencia/registros/page.tsx(33,3): error TS7031: Binding element 'onPageChange' implicitly has an 'any' type.
app/dashboard/asistencia/registros/page.tsx(34,3): error TS7031: Binding element 'onItemsPerPageChange' implicitly has an 'any' type.
app/dashboard/empresa/departamentos/page.tsx(5,21): error TS7031: Binding element 'label' implicitly has an 'any' type.
app/dashboard/empresa/departamentos/page.tsx(5,28): error TS7031: Binding element 'children' implicitly has an 'any' type.
app/dashboard/empresa/departamentos/page.tsx(45,12): error TS2741: Property 'children' is missing in type '{ label: string; }' but required in type '{ label: any; children: any; }'.
app/dashboard/empresa/departamentos/page.tsx(49,14): error TS2741: Property 'children' is missing in type '{ label: string; }' but required in type '{ label: any; children: any; }'.
app/dashboard/empresa/departamentos/page.tsx(51,12): error TS2741: Property 'children' is missing in type '{ label: string; }' but required in type '{ label: any; children: any; }'.
app/dashboard/empresa/departamentos/page.tsx(54,12): error TS2741: Property 'children' is missing in type '{ label: string; }' but required in type '{ label: any; children: any; }'.
app/dashboard/empresa/sucursales/page.tsx(6,23): error TS2307: Cannot find module '@/components/ui/Input.JSX' or its corresponding type declarations.
app/dashboard/layout.tsx(37,28): error TS7006: Parameter 't' implicitly has an 'any' type.
app/dashboard/maestros/asistencia/page.tsx(30,3): error TS7031: Binding element 'currentPage' implicitly has an 'any' type.
app/dashboard/maestros/asistencia/page.tsx(31,3): error TS7031: Binding element 'totalPages' implicitly has an 'any' type.
app/dashboard/maestros/asistencia/page.tsx(32,3): error TS7031: Binding element 'totalItems' implicitly has an 'any' type.
app/dashboard/maestros/asistencia/page.tsx(33,3): error TS7031: Binding element 'itemsPerPage' implicitly has an 'any' type.
app/dashboard/maestros/asistencia/page.tsx(34,3): error TS7031: Binding element 'onPageChange' implicitly has an 'any' type.
app/dashboard/maestros/asistencia/page.tsx(35,3): error TS7031: Binding element 'tableType' implicitly has an 'any' type.
app/dashboard/maestros/asistencia/page.tsx(320,10): error TS2322: Type '{ children: Element[]; className: string; }' is not assignable to type 'IntrinsicAttributes & RefAttributes<any>'.
  Property 'children' does not exist on type 'IntrinsicAttributes & RefAttributes<any>'.
app/dashboard/maestros/asistencia/page.tsx(321,12): error TS2322: Type '{ children: Element; className: string; }' is not assignable to type 'IntrinsicAttributes & RefAttributes<any>'.
  Property 'children' does not exist on type 'IntrinsicAttributes & RefAttributes<any>'.
app/dashboard/maestros/asistencia/page.tsx(322,14): error TS2322: Type '{ children: (string | Element)[]; className: string; }' is not assignable to type 'IntrinsicAttributes & RefAttributes<any>'.
  Property 'children' does not exist on type 'IntrinsicAttributes & RefAttributes<any>'.
app/dashboard/maestros/asistencia/page.tsx(328,12): error TS2322: Type '{ children: Element; className: string; }' is not assignable to type 'IntrinsicAttributes & RefAttributes<any>'.
  Property 'children' does not exist on type 'IntrinsicAttributes & RefAttributes<any>'.
app/dashboard/maestros/asistencia/page.tsx(361,10): error TS2322: Type '{ children: Element[]; className: string; }' is not assignable to type 'IntrinsicAttributes & RefAttributes<any>'.
  Property 'children' does not exist on type 'IntrinsicAttributes & RefAttributes<any>'.
app/dashboard/maestros/asistencia/page.tsx(362,12): error TS2322: Type '{ children: Element; className: string; }' is not assignable to type 'IntrinsicAttributes & RefAttributes<any>'.
  Property 'children' does not exist on type 'IntrinsicAttributes & RefAttributes<any>'.
app/dashboard/maestros/asistencia/page.tsx(363,14): error TS2322: Type '{ children: (string | Element)[]; className: string; }' is not assignable to type 'IntrinsicAttributes & RefAttributes<any>'.
  Property 'children' does not exist on type 'IntrinsicAttributes & RefAttributes<any>'.
app/dashboard/maestros/asistencia/page.tsx(369,12): error TS2322: Type '{ children: Element; className: string; }' is not assignable to type 'IntrinsicAttributes & RefAttributes<any>'.
  Property 'children' does not exist on type 'IntrinsicAttributes & RefAttributes<any>'.
app/dashboard/maestros/diasfestivos/page.tsx(6,23): error TS2307: Cannot find module '@/components/ui/Input.JSX' or its corresponding type declarations.
app/dashboard/maestros/diasfestivos/page.tsx(254,10): error TS2322: Type '{ children: Element; className: string; }' is not assignable to type 'IntrinsicAttributes & RefAttributes<any>'.
  Property 'children' does not exist on type 'IntrinsicAttributes & RefAttributes<any>'.
app/dashboard/maestros/diasfestivos/page.tsx(255,12): error TS2322: Type '{ children: Element; className: string; }' is not assignable to type 'IntrinsicAttributes & RefAttributes<any>'.
  Property 'children' does not exist on type 'IntrinsicAttributes & RefAttributes<any>'.
app/dashboard/maestros/diasfestivos/page.tsx(268,10): error TS2322: Type '{ children: Element; className: string; }' is not assignable to type 'IntrinsicAttributes & RefAttributes<any>'.
  Property 'children' does not exist on type 'IntrinsicAttributes & RefAttributes<any>'.
app/dashboard/maestros/diasfestivos/page.tsx(269,12): error TS2322: Type '{ children: Element; className: string; }' is not assignable to type 'IntrinsicAttributes & RefAttributes<any>'.
  Property 'children' does not exist on type 'IntrinsicAttributes & RefAttributes<any>'.
app/dashboard/maestros/diasfestivos/page.tsx(284,10): error TS2322: Type '{ children: Element; className: string; }' is not assignable to type 'IntrinsicAttributes & RefAttributes<any>'.
  Property 'children' does not exist on type 'IntrinsicAttributes & RefAttributes<any>'.
app/dashboard/maestros/diasfestivos/page.tsx(285,12): error TS2322: Type '{ children: Element; className: string; }' is not assignable to type 'IntrinsicAttributes & RefAttributes<any>'.
  Property 'children' does not exist on type 'IntrinsicAttributes & RefAttributes<any>'.
app/dashboard/maestros/diasfestivos/page.tsx(300,8): error TS2322: Type '{ children: Element[]; className: string; }' is not assignable to type 'IntrinsicAttributes & RefAttributes<any>'.
  Property 'children' does not exist on type 'IntrinsicAttributes & RefAttributes<any>'.
app/dashboard/maestros/diasfestivos/page.tsx(301,10): error TS2322: Type '{ children: Element; className: string; }' is not assignable to type 'IntrinsicAttributes & RefAttributes<any>'.
  Property 'children' does not exist on type 'IntrinsicAttributes & RefAttributes<any>'.
app/dashboard/maestros/diasfestivos/page.tsx(302,12): error TS2322: Type '{ children: string[]; className: string; }' is not assignable to type 'IntrinsicAttributes & RefAttributes<any>'.
  Property 'children' does not exist on type 'IntrinsicAttributes & RefAttributes<any>'.
app/dashboard/maestros/diasfestivos/page.tsx(306,10): error TS2322: Type '{ children: Element; className: string; }' is not assignable to type 'IntrinsicAttributes & RefAttributes<any>'.
  Property 'children' does not exist on type 'IntrinsicAttributes & RefAttributes<any>'.
app/dashboard/page.tsx(50,28): error TS7031: Binding element 'porcentaje' implicitly has an 'any' type.
app/dashboard/page.tsx(60,28): error TS7031: Binding element 'datos' implicitly has an 'any' type.
app/dashboard/page.tsx(62,19): error TS7006: Parameter 'item' implicitly has an 'any' type.
app/dashboard/page.tsx(62,25): error TS7006: Parameter 'index' implicitly has an 'any' type.
app/dashboard/page.tsx(119,10): error TS2322: Type '{ children: Element; className: string; }' is not assignable to type 'IntrinsicAttributes & RefAttributes<any>'.
  Property 'children' does not exist on type 'IntrinsicAttributes & RefAttributes<any>'.
app/dashboard/page.tsx(120,12): error TS2322: Type '{ children: Element; className: string; }' is not assignable to type 'IntrinsicAttributes & RefAttributes<any>'.
  Property 'children' does not exist on type 'IntrinsicAttributes & RefAttributes<any>'.
app/dashboard/page.tsx(135,10): error TS2322: Type '{ children: Element; className: string; }' is not assignable to type 'IntrinsicAttributes & RefAttributes<any>'.
  Property 'children' does not exist on type 'IntrinsicAttributes & RefAttributes<any>'.
app/dashboard/page.tsx(136,12): error TS2322: Type '{ children: Element; className: string; }' is not assignable to type 'IntrinsicAttributes & RefAttributes<any>'.
  Property 'children' does not exist on type 'IntrinsicAttributes & RefAttributes<any>'.
app/dashboard/page.tsx(151,10): error TS2322: Type '{ children: Element; className: string; }' is not assignable to type 'IntrinsicAttributes & RefAttributes<any>'.
  Property 'children' does not exist on type 'IntrinsicAttributes & RefAttributes<any>'.
app/dashboard/page.tsx(152,12): error TS2322: Type '{ children: Element; className: string; }' is not assignable to type 'IntrinsicAttributes & RefAttributes<any>'.
  Property 'children' does not exist on type 'IntrinsicAttributes & RefAttributes<any>'.
app/dashboard/page.tsx(167,10): error TS2322: Type '{ children: Element; className: string; }' is not assignable to type 'IntrinsicAttributes & RefAttributes<any>'.
  Property 'children' does not exist on type 'IntrinsicAttributes & RefAttributes<any>'.
app/dashboard/page.tsx(168,12): error TS2322: Type '{ children: Element; className: string; }' is not assignable to type 'IntrinsicAttributes & RefAttributes<any>'.
  Property 'children' does not exist on type 'IntrinsicAttributes & RefAttributes<any>'.
app/dashboard/page.tsx(187,10): error TS2322: Type '{ children: Element[]; className: string; }' is not assignable to type 'IntrinsicAttributes & RefAttributes<any>'.
  Property 'children' does not exist on type 'IntrinsicAttributes & RefAttributes<any>'.
app/dashboard/page.tsx(188,12): error TS2322: Type '{ children: Element; className: string; }' is not assignable to type 'IntrinsicAttributes & RefAttributes<any>'.
  Property 'children' does not exist on type 'IntrinsicAttributes & RefAttributes<any>'.
app/dashboard/page.tsx(189,14): error TS2322: Type '{ children: (string | Element)[]; className: string; }' is not assignable to type 'IntrinsicAttributes & RefAttributes<any>'.
  Property 'children' does not exist on type 'IntrinsicAttributes & RefAttributes<any>'.
app/dashboard/page.tsx(194,12): error TS2322: Type '{ children: Element[]; className: string; }' is not assignable to type 'IntrinsicAttributes & RefAttributes<any>'.
  Property 'children' does not exist on type 'IntrinsicAttributes & RefAttributes<any>'.
app/dashboard/page.tsx(224,10): error TS2322: Type '{ children: Element[]; className: string; }' is not assignable to type 'IntrinsicAttributes & RefAttributes<any>'.
  Property 'children' does not exist on type 'IntrinsicAttributes & RefAttributes<any>'.
app/dashboard/page.tsx(225,12): error TS2322: Type '{ children: Element; className: string; }' is not assignable to type 'IntrinsicAttributes & RefAttributes<any>'.
  Property 'children' does not exist on type 'IntrinsicAttributes & RefAttributes<any>'.
app/dashboard/page.tsx(226,14): error TS2322: Type '{ children: (string | Element)[]; className: string; }' is not assignable to type 'IntrinsicAttributes & RefAttributes<any>'.
  Property 'children' does not exist on type 'IntrinsicAttributes & RefAttributes<any>'.
app/dashboard/page.tsx(231,12): error TS2322: Type '{ children: Element; className: string; }' is not assignable to type 'IntrinsicAttributes & RefAttributes<any>'.
  Property 'children' does not exist on type 'IntrinsicAttributes & RefAttributes<any>'.
app/dashboard/page.tsx(259,10): error TS2322: Type '{ children: Element[]; className: string; }' is not assignable to type 'IntrinsicAttributes & RefAttributes<any>'.
  Property 'children' does not exist on type 'IntrinsicAttributes & RefAttributes<any>'.
app/dashboard/page.tsx(260,12): error TS2322: Type '{ children: Element; className: string; }' is not assignable to type 'IntrinsicAttributes & RefAttributes<any>'.
  Property 'children' does not exist on type 'IntrinsicAttributes & RefAttributes<any>'.
app/dashboard/page.tsx(261,14): error TS2322: Type '{ children: (string | Element)[]; className: string; }' is not assignable to type 'IntrinsicAttributes & RefAttributes<any>'.
  Property 'children' does not exist on type 'IntrinsicAttributes & RefAttributes<any>'.
app/dashboard/page.tsx(266,12): error TS2322: Type '{ children: Element; className: string; }' is not assignable to type 'IntrinsicAttributes & RefAttributes<any>'.
  Property 'children' does not exist on type 'IntrinsicAttributes & RefAttributes<any>'.
app/dashboard/page.tsx(299,10): error TS2322: Type '{ children: Element[]; className: string; }' is not assignable to type 'IntrinsicAttributes & RefAttributes<any>'.
  Property 'children' does not exist on type 'IntrinsicAttributes & RefAttributes<any>'.
app/dashboard/page.tsx(300,12): error TS2322: Type '{ children: Element; className: string; }' is not assignable to type 'IntrinsicAttributes & RefAttributes<any>'.
  Property 'children' does not exist on type 'IntrinsicAttributes & RefAttributes<any>'.
app/dashboard/page.tsx(301,14): error TS2322: Type '{ children: (string | Element)[]; className: string; }' is not assignable to type 'IntrinsicAttributes & RefAttributes<any>'.
  Property 'children' does not exist on type 'IntrinsicAttributes & RefAttributes<any>'.
app/dashboard/page.tsx(306,12): error TS2322: Type '{ children: Element; className: string; }' is not assignable to type 'IntrinsicAttributes & RefAttributes<any>'.
  Property 'children' does not exist on type 'IntrinsicAttributes & RefAttributes<any>'.
app/dashboard/page.tsx(324,8): error TS2322: Type '{ children: Element[]; className: string; }' is not assignable to type 'IntrinsicAttributes & RefAttributes<any>'.
  Property 'children' does not exist on type 'IntrinsicAttributes & RefAttributes<any>'.
app/dashboard/page.tsx(325,10): error TS2322: Type '{ children: Element; className: string; }' is not assignable to type 'IntrinsicAttributes & RefAttributes<any>'.
  Property 'children' does not exist on type 'IntrinsicAttributes & RefAttributes<any>'.
app/dashboard/page.tsx(326,12): error TS2322: Type '{ children: (string | Element)[]; className: string; }' is not assignable to type 'IntrinsicAttributes & RefAttributes<any>'.
  Property 'children' does not exist on type 'IntrinsicAttributes & RefAttributes<any>'.
app/dashboard/page.tsx(331,10): error TS2322: Type '{ children: Element; className: string; }' is not assignable to type 'IntrinsicAttributes & RefAttributes<any>'.
  Property 'children' does not exist on type 'IntrinsicAttributes & RefAttributes<any>'.
app/dashboard/reportes/informes/page.tsx(305,8): error TS2322: Type '{ children: Element[]; className: string; }' is not assignable to type 'IntrinsicAttributes & RefAttributes<any>'.
  Property 'children' does not exist on type 'IntrinsicAttributes & RefAttributes<any>'.
app/dashboard/reportes/informes/page.tsx(306,10): error TS2322: Type '{ children: Element; className: string; }' is not assignable to type 'IntrinsicAttributes & RefAttributes<any>'.
  Property 'children' does not exist on type 'IntrinsicAttributes & RefAttributes<any>'.
app/dashboard/reportes/informes/page.tsx(307,12): error TS2322: Type '{ children: string; className: string; }' is not assignable to type 'IntrinsicAttributes & RefAttributes<any>'.
  Property 'children' does not exist on type 'IntrinsicAttributes & RefAttributes<any>'.
app/dashboard/reportes/informes/page.tsx(309,10): error TS2559: Type '{ children: Element; }' has no properties in common with type 'IntrinsicAttributes & RefAttributes<any>'.
app/dashboard/reportes/informes/page.tsx(380,10): error TS2322: Type '{ children: Element[]; className: string; }' is not assignable to type 'IntrinsicAttributes & RefAttributes<any>'.
  Property 'children' does not exist on type 'IntrinsicAttributes & RefAttributes<any>'.
app/dashboard/reportes/informes/page.tsx(381,12): error TS2322: Type '{ children: Element; className: string; }' is not assignable to type 'IntrinsicAttributes & RefAttributes<any>'.
  Property 'children' does not exist on type 'IntrinsicAttributes & RefAttributes<any>'.
app/dashboard/reportes/informes/page.tsx(382,14): error TS2322: Type '{ children: (string | Element)[]; className: string; }' is not assignable to type 'IntrinsicAttributes & RefAttributes<any>'.
  Property 'children' does not exist on type 'IntrinsicAttributes & RefAttributes<any>'.
app/dashboard/reportes/informes/page.tsx(387,12): error TS2322: Type '{ children: Element; className: string; }' is not assignable to type 'IntrinsicAttributes & RefAttributes<any>'.
  Property 'children' does not exist on type 'IntrinsicAttributes & RefAttributes<any>'.
app/dashboard/reportes/informes/page.tsx(411,10): error TS2322: Type '{ children: Element[]; className: string; }' is not assignable to type 'IntrinsicAttributes & RefAttributes<any>'.
  Property 'children' does not exist on type 'IntrinsicAttributes & RefAttributes<any>'.
app/dashboard/reportes/informes/page.tsx(412,12): error TS2322: Type '{ children: Element; className: string; }' is not assignable to type 'IntrinsicAttributes & RefAttributes<any>'.
  Property 'children' does not exist on type 'IntrinsicAttributes & RefAttributes<any>'.
app/dashboard/reportes/informes/page.tsx(413,14): error TS2322: Type '{ children: (string | Element)[]; className: string; }' is not assignable to type 'IntrinsicAttributes & RefAttributes<any>'.
  Property 'children' does not exist on type 'IntrinsicAttributes & RefAttributes<any>'.
app/dashboard/reportes/informes/page.tsx(418,12): error TS2322: Type '{ children: Element; className: string; }' is not assignable to type 'IntrinsicAttributes & RefAttributes<any>'.
  Property 'children' does not exist on type 'IntrinsicAttributes & RefAttributes<any>'.
app/dashboard/reportes/informes/page.tsx(442,10): error TS2322: Type '{ children: Element[]; className: string; }' is not assignable to type 'IntrinsicAttributes & RefAttributes<any>'.
  Property 'children' does not exist on type 'IntrinsicAttributes & RefAttributes<any>'.
app/dashboard/reportes/informes/page.tsx(443,12): error TS2322: Type '{ children: Element; className: string; }' is not assignable to type 'IntrinsicAttributes & RefAttributes<any>'.
  Property 'children' does not exist on type 'IntrinsicAttributes & RefAttributes<any>'.
app/dashboard/reportes/informes/page.tsx(444,14): error TS2322: Type '{ children: (string | Element)[]; className: string; }' is not assignable to type 'IntrinsicAttributes & RefAttributes<any>'.
  Property 'children' does not exist on type 'IntrinsicAttributes & RefAttributes<any>'.
app/dashboard/reportes/informes/page.tsx(449,12): error TS2322: Type '{ children: Element; className: string; }' is not assignable to type 'IntrinsicAttributes & RefAttributes<any>'.
  Property 'children' does not exist on type 'IntrinsicAttributes & RefAttributes<any>'.
components/ui/Separator.tsx(7,3): error TS2339: Property 'className' does not exist on type '{}'.
components/ui/Separator.tsx(8,3): error TS2339: Property 'orientation' does not exist on type '{}'.
components/ui/Separator.tsx(9,3): error TS2339: Property 'decorative' does not exist on type '{}'.
components/ui/Separator.tsx(13,5): error TS2322: Type 'ForwardedRef<unknown>' is not assignable to type 'Ref<HTMLDivElement> | undefined'.
  Type 'RefObject<unknown>' is not assignable to type 'Ref<HTMLDivElement> | undefined'.
    Type 'RefObject<unknown>' is not assignable to type 'RefObject<HTMLDivElement | null>'.
      Type 'unknown' is not assignable to type 'HTMLDivElement | null'.
